// Jest Snapshot v1, https://goo.gl/fbAQLP

exports[`Login test basic login 1`] = `
<button
  className="login btn btn-primary"
  disabled={false}
  onClick={[Function]}
  type="button"
>
  Sign in with Google
</button>
`;

exports[`Login test basic login 2`] = `
<button
  className="login btn btn-primary"
  disabled={false}
  onClick={[Function]}
  type="button"
>
  Sign in with Google
</button>
`;
